=== Interview Coder - Invisible Edition (No Paywall) ===

IMPORTANT: This app is designed to be INVISIBLE by default!
Use the keyboard shortcuts to control it:

- Toggle Visibility: Cmd+B
- Take Screenshot: Cmd+H
- Process Screenshots: Cmd+Enter
- Move Window: Cmd+Arrows (Left/Right/Up/Down)
- Adjust Opacity: Cmd+[ (decrease) / Cmd+] (increase)
- Reset View: Cmd+R
- Quit App: Cmd+Q

When you press Cmd+B, the window will toggle between visible and invisible.
If movement shortcuts aren't working, try making the window visible first with Cmd+B.

=== Step 1: Creating required directories... ===
=== Step 2: Cleaning previous builds... ===
Removing old build files to ensure a fresh start...
=== Step 3: Building application... ===
This may take a moment...

> interview-coder-v1@1.0.19 build
> cross-env NODE_ENV=production npm run clean && vite build && tsc -p tsconfig.electron.json


> interview-coder-v1@1.0.19 clean
> npx rimraf dist dist-electron

vite v6.2.5 building for production...
transforming...
Browserslist: browsers data (caniuse-lite) is 9 months old. Please run:
  npx update-browserslist-db@latest
  Why you should do it regularly: https://github.com/browserslist/update-db#readme
✓ 2769 modules transformed.
rendering chunks...
computing gzip size...
dist/index.html                   0.54 kB │ gzip:   0.35 kB
dist/assets/index-TuUm7CIj.css   22.50 kB │ gzip:   5.07 kB
dist/assets/index-Bc-GAxCf.js   958.89 kB │ gzip: 324.52 kB │ map: 2,414.53 kB

(!) Some chunks are larger than 500 kB after minification. Consider:
- Using dynamic import() to code-split the application
- Use build.rollupOptions.output.manualChunks to improve chunking: https://rollupjs.org/configuration-options/#output-manualchunks
- Adjust chunk size limit for this warning via build.chunkSizeWarningLimit.
✓ built in 1.95s
vite v6.2.5 building for production...
transforming...
✓ 766 modules transformed.
rendering chunks...
computing gzip size...
dist-electron/main.js                       1.25 kB │ gzip:   0.42 kB │ map:     0.12 kB
dist-electron/fileFromPath-gVensrgb.js      4.72 kB │ gzip:   1.58 kB │ map:     7.87 kB
dist-electron/main-BEUfKMX0.js          2,176.77 kB │ gzip: 445.03 kB │ map: 3,325.86 kB
✓ built in 1.24s
vite v6.2.5 building for production...
transforming...
✓ 1 modules transformed.
rendering chunks...
computing gzip size...
dist-electron/preload.js  5.69 kB │ gzip: 1.51 kB │ map: 15.35 kB
✓ built in 7ms
=== Step 4: Launching in stealth mode... ===
Remember: Cmd+B to make it visible, Cmd+[ and Cmd+] to adjust opacity!

App is now running invisibly! Press Cmd+B to make it visible.

If you encounter any issues:
1. Make sure you've installed dependencies with 'npm install'
2. Make sure this script has execute permissions (chmod +x stealth-run.sh)
3. Press Cmd+B multiple times to toggle visibility
4. Check Activity Monitor to verify the app is running
Config path: /Users/koushikgowda/Library/Application Support/Electron/config.json
Loading env variables from: /Users/koushikgowda/Desktop/interview-coder-withoupaywall-opensource/node_modules/electron/dist/Electron.app/Contents/Resources/.env
Environment variables loaded for open-source version
Deleted existing screenshot: /Users/koushikgowda/Library/Application Support/interview-coder-v1/screenshots/7f37996b-2a21-410c-b79f-1b146446e773.png
Deleted existing screenshot: /Users/koushikgowda/Library/Application Support/interview-coder-v1/screenshots/dd889094-5821-4c4b-a9de-c9bd990017a1.png
Screenshot directories cleaned successfully
GitHub Models client initialized successfully
Initializing IPC handlers
Loading production build: /Users/koushikgowda/Desktop/interview-coder-withoupaywall-opensource/dist/index.html
Initial opacity from config: 0.8
Setting initial opacity to 0.8
Initializing auto-updater...
Skipping auto-updater in development mode
Auto-updater initialized in production mode
[14629:0115/152939.763061:ERROR:simple_backend_impl.cc(79)] Failed to create directory: /Users/koushikgowda/Library/Application Support/interview-coder-v1/session/Shared Dictionary/cache
[14629:0115/152939.763761:ERROR:simple_backend_impl.cc(79)] Failed to create directory: /Users/koushikgowda/Library/Application Support/interview-coder-v1/session/Shared Dictionary/cache
[14629:0115/152939.763771:ERROR:simple_backend_impl.cc(751)] Simple Cache Backend: wrong file structure on disk: 1 path: /Users/koushikgowda/Library/Application Support/interview-coder-v1/session/Shared Dictionary/cache
[14629:0115/152939.763999:ERROR:disk_cache.cc(208)] Unable to create cache
[14629:0115/152939.775164:ERROR:simple_version_upgrade.cc(152)] Failed to write a new fake index.
[14629:0115/152939.775328:ERROR:simple_version_upgrade.cc(152)] Failed to write a new fake index.
[14629:0115/152939.775347:ERROR:simple_backend_impl.cc(751)] Simple Cache Backend: wrong file structure on disk: 8 path: /Users/koushikgowda/Library/Application Support/interview-coder-v1/session/Cache/Cache_Data
[14629:0115/152939.775669:ERROR:disk_cache.cc(208)] Unable to create cache
Window finished loading
Command/Ctrl + B pressed. Toggling window visibility.
Toggling window. Current state: visible
Window hidden, opacity set to 0
Command/Ctrl + B pressed. Toggling window visibility.
Toggling window. Current state: hidden
Window shown with showInactive(), opacity set to 1
Command/Ctrl + B pressed. Toggling window visibility.
Toggling window. Current state: visible
Window hidden, opacity set to 0
Command/Ctrl + B pressed. Toggling window visibility.
Toggling window. Current state: hidden
Window shown with showInactive(), opacity set to 1
Command/Ctrl + Q pressed. Quitting application.
